ASxxxx Linker V03.00/V05.40 + sdld,  page 1.
Hexadecimal  [32-Bits]

Area                       Addr        Size        Decimal Bytes (Attributes)
--------------------       ----        ----        ------- ----- ------------
.  .ABS.               00000000    00000000 =           0. bytes (ABS,CON)

        Value  Global            Value  Global            Value  Global    
        -----  ------            -----  ------            -----  ------    
     00000000  .__.ABS.  |    00000000  _rRAMG    |    00000000  l__BASE  
     00000000  l__BSS    |    00000000  l__CABS   |    00000000  l__CODE_0
     00000000  l__DABS   |    00000000  l__FONT_H |    00000000  l__HEADER
     00000000  l__HEADER |    00000000  l__HEAP   |    00000000  l__HEAP_E
     00000000  l__HRAM   |    00000000  l__LIT    |    00000000  s__CABS  
     00000000  s__DABS   |    00000000  s__FONT_H |    00000000  s__FONT_H
     00000000  s__HEADER |    00000000  s__HEADER |    00000000  s__HEADER
     00000000  s__HEADER |    00000000  s__HEADER |    00000000  s__HEADER
     00000000  s__HEADER |    00000000  s__HEADER |    00000000  s__HEADER
     00000000  s__HEADER |    00000000  s__HEADER |    00000000  s__HEADER
     00000000  s__HEADER |    00000000  s__HEADER |    00000000  s__HEADER
     00000000  s__HEADER |    00000000  s__HEADER |    00000000  s__HEADER
     00000000  s__HEADER |    00000000  s__HEADER |    00000000  s__HEADER
     00000000  s__HRAM   |    00000000  s__HRAM12 |    00000001  l__GSFINA
     00000001  l__HEADER |    00000001  l__HEADER |    00000001  l__HEADER
     00000001  l__HEADER |    00000001  l__HEADER |    00000001  l__HEADER
     00000001  l__HEADER |    00000002  l__HEADER |    00000002  l__HEADER
     00000002  l__HEADER |    00000003  l__FONT_H |    00000003  l__HEADER
     00000003  l__HEADER |    00000003  l__HRAM12 |    00000005  l__HEADER
     00000006  l__HEADER |    00000007  l__HEADER |    00000008  l__HEADER
     0000000C  l__GSINIT |    00000030  l__HEADER |    00000040  l__INITIA
     00000040  l__INITIA |    0000005C  l__HEADER |    000000AF  l__HEADER
     00000200  s__CODE   |    00000903  l__HOME   |    00000C78  l__DATA  
     00002000  _rROMB0   |    00003000  _rROMB1   |    00004000  _rRAMB   
     0000594F  l__CODE   |    00005B4F  s__HOME   |    00006452  s__BASE  
     00006452  s__CODE_0 |    00006452  s__INITIA |    00006452  s__LIT   
     00006492  s__GSINIT |    0000649E  s__GSFINA |    00008000  __VRAM   
     00008000  __VRAM800 |    00008800  __VRAM880 |    00009000  __VRAM900
     00009800  __SCRN0   |    00009C00  __SCRN1   |    0000A000  __SRAM   
     0000C000  __RAM     |    0000C000  _shadow_O |    0000C0A0  s__DATA  
     0000CD18  s__BSS    |    0000CD18  s__INITIA |    0000CD58  s__HEAP  
     0000CD58  s__HEAP_E |    0000D000  __RAMBANK |    0000E000  .STACK   
     0000FE00  __OAMRAM  |    0000FF00  _P1_REG   |    0000FF00  __IO     
     0000FF01  _SB_REG   |    0000FF02  _SC_REG   |    0000FF04  _DIV_REG 
     0000FF05  _TIMA_REG |    0000FF06  _TMA_REG  |    0000FF07  _TAC_REG 
     0000FF0F  _IF_REG   |    0000FF10  _NR10_REG |    0000FF11  _NR11_REG
     0000FF12  _NR12_REG |    0000FF13  _NR13_REG |    0000FF14  _NR14_REG
     0000FF16  _NR21_REG |    0000FF17  _NR22_REG |    0000FF18  _NR23_REG
     0000FF19  _NR24_REG |    0000FF1A  _NR30_REG |    0000FF1B  _NR31_REG
     0000FF1C  _NR32_REG |    0000FF1D  _NR33_REG |    0000FF1E  _NR34_REG
     0000FF20  _NR41_REG |    0000FF21  _NR42_REG |    0000FF22  _NR43_REG
     0000FF23  _NR44_REG |    0000FF24  _NR50_REG |    0000FF25  _NR51_REG
     0000FF26  _NR52_REG |    0000FF30  _AUD3WAVE |    0000FF30  _PCM_SAMP
     0000FF30  __AUD3WAV |    0000FF40  _LCDC_REG |    0000FF41  _STAT_REG
     0000FF42  _SCY_REG  |    0000FF43  _SCX_REG  |    0000FF44  _LY_REG  
     0000FF45  _LYC_REG  |    0000FF46  _DMA_REG  |    0000FF47  _BGP_REG 
     0000FF48  _OBP0_REG |    0000FF49  _OBP1_REG |    0000FF4A  _WY_REG  
     0000FF4B  _WX_REG   |    0000FF4D  _KEY1_REG |    0000FF4F  _VBK_REG 
     0000FF51  _HDMA1_RE |    0000FF52  _HDMA2_RE |    0000FF53  _HDMA3_RE
     0000FF54  _HDMA4_RE |    0000FF55  _HDMA5_RE |    0000FF56  _RP_REG  
ASxxxx Linker V03.00/V05.40 + sdld,  page 2.
Hexadecimal  [32-Bits]

Area                       Addr        Size        Decimal Bytes (Attributes)
--------------------       ----        ----        ------- ----- ------------
.  .ABS.               00000000    00000000 =           0. bytes (ABS,CON)

        Value  Global            Value  Global            Value  Global    
        -----  ------            -----  ------            -----  ------    
     0000FF68  _BCPS_REG |    0000FF69  _BCPD_REG |    0000FF6A  _OCPS_REG
     0000FF6B  _OCPD_REG |    0000FF70  _SVBK_REG |    0000FF76  _PCM12_RE
     0000FF77  _PCM34_RE |    0000FF80  .refresh_ |    0000FF80  __HRAM   
     0000FFFF  _IE_REG  
ASxxxx Linker V03.00/V05.40 + sdld,  page 3.
Hexadecimal  [32-Bits]

Area                       Addr        Size        Decimal Bytes (Attributes)
--------------------       ----        ----        ------- ----- ------------
_CODE                  00000200    0000594F =       22863. bytes (REL,CON)

        Value  Global            Value  Global            Value  Global    
        -----  ------            -----  ------            -----  ------    
     00000200  _map_mapP |    00001010  _map_tile |    00001130  _text_til
     000012D0  _set_came |    0000143E  _change_s |    00001509  _wbasestr
     00001512  _wscalest |    0000151B  _wbasemag |    00001522  _wscalema
     00001529  _wbasedex |    00001530  _wscalede |    00001537  _wbaseint
     0000153E  _wscalein |    00001545  _wbaseaff |    0000154E  _wscaleaf
     00001557  _wbasehlt |    0000155E  _wscalehl |    00001565  _en_astr 
     0000156D  _en_amag  |    00001575  _en_adex  |    0000157D  _en_aint 
     00001585  _en_aaff  |    0000158D  _en_ahlt  |    00001595  _phealth 
     0000159C  _mhealth  |    000015A3  _pstamina |    000015AA  _mstamina
     000015B1  _enpush   |    000015EB  _enstop   |    00001638  _plpush  
     0000165C  _plstop   |    00001712  _event    |    00001776  _make_ene
     00001855  _kill_ene |    000018C9  _hit      |    00001BE3  _attack_4
     00001BF7  _attack_3 |    00002994  _attack_2 |    00002B5B  _attack_1
     000038BA  _roll_1   |    0000396F  _en_attac |    000039AA  _en_attac
     00003C24  _room0    |    00004061  _soft_roo |    000040A0  _main    
     00005662  __mulsuch |    00005665  __mulusch |    0000566E  __mulscha
     00005676  __mulint  |    00005695  __mulucha |    000056A7  _printf  
     000056BC  __divsuch |    000056C2  __modsuch |    000056CB  __divusch
     000056D4  __modusch |    000056E1  __divscha |    000056E6  __modscha
     000056ED  __divsint |    000056F6  __modsint |    00005702  __divucha
     00005707  __moducha |    0000570E  __divuint |    00005717  __moduint
     00005723  .div8     |    00005723  .mod8     |    0000572B  .div16   
     0000572B  .mod16    |    00005761  .divu8    |    00005761  .modu8   
     00005764  .divu16   |    00005764  .modu16   |    000057A4  ___crlf  
     000057DF  ___printf |    00005B2E  _sprintf 
ASxxxx Linker V03.00/V05.40 + sdld,  page 4.
Hexadecimal  [32-Bits]

Area                       Addr        Size        Decimal Bytes (Attributes)
--------------------       ----        ----        ------- ----- ------------
_HEADER0               00000000    00000001 =           1. bytes (ABS,CON)

        Value  Global            Value  Global            Value  Global    
        -----  ------            -----  ------            -----  ------    
     00000020  .call_hl 
ASxxxx Linker V03.00/V05.40 + sdld,  page 5.
Hexadecimal  [32-Bits]

Area                       Addr        Size        Decimal Bytes (Attributes)
--------------------       ----        ----        ------- ----- ------------
_HEADER1               00000000    00000005 =           5. bytes (ABS,CON)

        Value  Global            Value  Global            Value  Global    
        -----  ------            -----  ------            -----  ------    
     00000028  .MemsetSm
ASxxxx Linker V03.00/V05.40 + sdld,  page 6.
Hexadecimal  [32-Bits]

Area                       Addr        Size        Decimal Bytes (Attributes)
--------------------       ----        ----        ------- ----- ------------
_HEADER2               00000000    00000007 =           7. bytes (ABS,CON)

        Value  Global            Value  Global            Value  Global    
        -----  ------            -----  ------            -----  ------    
     00000030  .MemcpySm
ASxxxx Linker V03.00/V05.40 + sdld,  page 7.
Hexadecimal  [32-Bits]

Area                       Addr        Size        Decimal Bytes (Attributes)
--------------------       ----        ----        ------- ----- ------------
_HEADER3               00000000    00000008 =           8. bytes (ABS,CON)

        Value  Global            Value  Global            Value  Global    
        -----  ------            -----  ------            -----  ------    
ASxxxx Linker V03.00/V05.40 + sdld,  page 8.
Hexadecimal  [32-Bits]

Area                       Addr        Size        Decimal Bytes (Attributes)
--------------------       ----        ----        ------- ----- ------------
_HEADER4               00000000    0000005C =          92. bytes (ABS,CON)

        Value  Global            Value  Global            Value  Global    
        -----  ------            -----  ------            -----  ------    
     00000080  .int      |    0000008F  _wait_int |    0000009C  __standar
     000000AB  _refresh_ |    000000CC  .wait_vbl |    000000CC  _vsync   
     000000CC  _wait_vbl
ASxxxx Linker V03.00/V05.40 + sdld,  page 9.
Hexadecimal  [32-Bits]

Area                       Addr        Size        Decimal Bytes (Attributes)
--------------------       ----        ----        ------- ----- ------------
_HEADER5               00000000    00000001 =           1. bytes (ABS,CON)

        Value  Global            Value  Global            Value  Global    
        -----  ------            -----  ------            -----  ------    
ASxxxx Linker V03.00/V05.40 + sdld,  page 10.
Hexadecimal  [32-Bits]

Area                       Addr        Size        Decimal Bytes (Attributes)
--------------------       ----        ----        ------- ----- ------------
_HEADER6               00000000    00000002 =           2. bytes (ABS,CON)

        Value  Global            Value  Global            Value  Global    
        -----  ------            -----  ------            -----  ------    
ASxxxx Linker V03.00/V05.40 + sdld,  page 11.
Hexadecimal  [32-Bits]

Area                       Addr        Size        Decimal Bytes (Attributes)
--------------------       ----        ----        ------- ----- ------------
_HEADER7               00000000    00000030 =          48. bytes (ABS,CON)

        Value  Global            Value  Global            Value  Global    
        -----  ------            -----  ------            -----  ------    
ASxxxx Linker V03.00/V05.40 + sdld,  page 12.
Hexadecimal  [32-Bits]

Area                       Addr        Size        Decimal Bytes (Attributes)
--------------------       ----        ----        ------- ----- ------------
_HEADER8               00000000    00000006 =           6. bytes (ABS,CON)

        Value  Global            Value  Global            Value  Global    
        -----  ------            -----  ------            -----  ------    
ASxxxx Linker V03.00/V05.40 + sdld,  page 13.
Hexadecimal  [32-Bits]

Area                       Addr        Size        Decimal Bytes (Attributes)
--------------------       ----        ----        ------- ----- ------------
_HEADER9               00000000    00000003 =           3. bytes (ABS,CON)

        Value  Global            Value  Global            Value  Global    
        -----  ------            -----  ------            -----  ------    
ASxxxx Linker V03.00/V05.40 + sdld,  page 14.
Hexadecimal  [32-Bits]

Area                       Addr        Size        Decimal Bytes (Attributes)
--------------------       ----        ----        ------- ----- ------------
_HEADERa               00000000    00000001 =           1. bytes (ABS,CON)

        Value  Global            Value  Global            Value  Global    
        -----  ------            -----  ------            -----  ------    
ASxxxx Linker V03.00/V05.40 + sdld,  page 15.
Hexadecimal  [32-Bits]

Area                       Addr        Size        Decimal Bytes (Attributes)
--------------------       ----        ----        ------- ----- ------------
_HEADERb               00000000    00000001 =           1. bytes (ABS,CON)

        Value  Global            Value  Global            Value  Global    
        -----  ------            -----  ------            -----  ------    
ASxxxx Linker V03.00/V05.40 + sdld,  page 16.
Hexadecimal  [32-Bits]

Area                       Addr        Size        Decimal Bytes (Attributes)
--------------------       ----        ----        ------- ----- ------------
_HEADERc               00000000    00000001 =           1. bytes (ABS,CON)

        Value  Global            Value  Global            Value  Global    
        -----  ------            -----  ------            -----  ------    
ASxxxx Linker V03.00/V05.40 + sdld,  page 17.
Hexadecimal  [32-Bits]

Area                       Addr        Size        Decimal Bytes (Attributes)
--------------------       ----        ----        ------- ----- ------------
_HEADERd               00000000    00000002 =           2. bytes (ABS,CON)

        Value  Global            Value  Global            Value  Global    
        -----  ------            -----  ------            -----  ------    
ASxxxx Linker V03.00/V05.40 + sdld,  page 18.
Hexadecimal  [32-Bits]

Area                       Addr        Size        Decimal Bytes (Attributes)
--------------------       ----        ----        ------- ----- ------------
_HEADERe               00000000    00000001 =           1. bytes (ABS,CON)

        Value  Global            Value  Global            Value  Global    
        -----  ------            -----  ------            -----  ------    
ASxxxx Linker V03.00/V05.40 + sdld,  page 19.
Hexadecimal  [32-Bits]

Area                       Addr        Size        Decimal Bytes (Attributes)
--------------------       ----        ----        ------- ----- ------------
_HEADERf               00000000    00000001 =           1. bytes (ABS,CON)

        Value  Global            Value  Global            Value  Global    
        -----  ------            -----  ------            -----  ------    
ASxxxx Linker V03.00/V05.40 + sdld,  page 20.
Hexadecimal  [32-Bits]

Area                       Addr        Size        Decimal Bytes (Attributes)
--------------------       ----        ----        ------- ----- ------------
_HEADER10              00000000    00000002 =           2. bytes (ABS,CON)

        Value  Global            Value  Global            Value  Global    
        -----  ------            -----  ------            -----  ------    
ASxxxx Linker V03.00/V05.40 + sdld,  page 21.
Hexadecimal  [32-Bits]

Area                       Addr        Size        Decimal Bytes (Attributes)
--------------------       ----        ----        ------- ----- ------------
_HEADER11              00000000    000000AF =         175. bytes (ABS,CON)

        Value  Global            Value  Global            Value  Global    
        -----  ------            -----  ------            -----  ------    
     00000150  .reset    |    00000150  _reset    |    00000157  .code_sta
     000001B9  _exit     |    000001BD  _set_inte |    000001D1  .remove_V
     000001D1  _remove_V |    000001D4  .remove_i |    000001F1  .add_VBL 
     000001F1  _add_VBL  |    000001F4  .add_int 
ASxxxx Linker V03.00/V05.40 + sdld,  page 22.
Hexadecimal  [32-Bits]

Area                       Addr        Size        Decimal Bytes (Attributes)
--------------------       ----        ----        ------- ----- ------------
_HOME                  00005B4F    00000903 =        2307. bytes (REL,CON)

        Value  Global            Value  Global            Value  Global    
        -----  ------            -----  ------            -----  ------    
     00005B4F  .memset_s |    00005B58  .memcpy_s |    00005B75  .display_
     00005B75  _display_ |    00005B8D  _abs      |    00005B9C  _set_tile
     00005BA1  _set_bkg_ |    00005BA1  _set_win_ |    00005BA9  _set_spri
     00005BD9  _set_bkg_ |    00005C1C  .set_xy_w |    00005C25  .set_xy_b
     00005C34  .set_xy_s |    00005C7E  .padup    |    00005C7E  _waitpadu
     00005C8E  .jpad     |    00005C8E  _joypad   |    00005CB6  _waitpad 
     00005CB7  .wait_pad |    00005CBE  ___sdcc_c |    00005CBF  _puts    
     00005CE2  _font_loa |    00005CE9  font_load |    00005D31  font_copy
     00005D67  font_set  |    00005D74  .put_char |    00005D8C  .out_char
     00005D92  .del_char |    00005DE8  _putchar  |    00005DF1  _setchar 
     00005DFA  _font_loa |    00005E08  _font_set |    00005E17  _font_ini
     00005E36  .cls      |    00005E36  _cls      |    00005E58  _gotoxy  
     00005E63  _posx     |    00005E74  _posy     |    00005E9C  .cr_curs 
     00005EB1  .adv_curs |    00005F0D  .tmode    |    00005F2A  .tmode_ou
     00005F33  _color    |    00005F33  _set_1bpp |    00005F42  .drawing_
     00005F5F  _font_ibm |    00006340  .add_LCD  |    00006340  _add_LCD 
     00006346  .remove_L |    00006346  _remove_L |    0000634C  _uitoa   
     0000635B  _itoa     |    0000636A  .itoa     |    0000637E  .utoa    
     000063F2  _set_bkg_ |    000063F2  _set_win_ |    000063FA  _set_spri
ASxxxx Linker V03.00/V05.40 + sdld,  page 23.
Hexadecimal  [32-Bits]

Area                       Addr        Size        Decimal Bytes (Attributes)
--------------------       ----        ----        ------- ----- ------------
_INITIALIZER           00006452    00000040 =          64. bytes (REL,CON)

        Value  Global            Value  Global            Value  Global    
        -----  ------            -----  ------            -----  ------    
ASxxxx Linker V03.00/V05.40 + sdld,  page 24.
Hexadecimal  [32-Bits]

Area                       Addr        Size        Decimal Bytes (Attributes)
--------------------       ----        ----        ------- ----- ------------
_GSINIT                00006492    0000000C =          12. bytes (REL,CON)

        Value  Global            Value  Global            Value  Global    
        -----  ------            -----  ------            -----  ------    
     00006492  gsinit   
ASxxxx Linker V03.00/V05.40 + sdld,  page 25.
Hexadecimal  [32-Bits]

Area                       Addr        Size        Decimal Bytes (Attributes)
--------------------       ----        ----        ------- ----- ------------
_GSFINAL               0000649E    00000001 =           1. bytes (REL,CON)

        Value  Global            Value  Global            Value  Global    
        -----  ------            -----  ------            -----  ------    
ASxxxx Linker V03.00/V05.40 + sdld,  page 26.
Hexadecimal  [32-Bits]

Area                       Addr        Size        Decimal Bytes (Attributes)
--------------------       ----        ----        ------- ----- ------------
_DATA                  0000C0A0    00000C78 =        3192. bytes (REL,CON)

        Value  Global            Value  Global            Value  Global    
        -----  ------            -----  ------            -----  ------    
     0000C0A0  __cpu     |    0000C0A1  __is_GBA  |    0000C0A2  .mode    
     0000C0A3  .sys_time |    0000C0A3  _sys_time |    0000C0A5  .int_0x40
     0000C0B1  _joy      |    0000C0B2  _sprite_d |    0000C292  _joypadPr
     0000C293  _redraw   |    0000C294  _joypads  |    0000C299  _ev      
     0000C399  _eva      |    0000C999  _evf      |    0000CB99  _entype  
     0000CBB9  _enx      |    0000CBF9  _eny      |    0000CC39  _enxs    
     0000CC59  _enys     |    0000CC79  _enattx   |    0000CC99  _enatty  
     0000CCB9  _enhealth |    0000CCD9  _encan_mo |    0000CCF9  .image_ti
     0000CCFA  font_curr |    0000CCFD  font_firs |    0000CCFE  font_tabl
     0000CD10  .int_0x48
ASxxxx Linker V03.00/V05.40 + sdld,  page 27.
Hexadecimal  [32-Bits]

Area                       Addr        Size        Decimal Bytes (Attributes)
--------------------       ----        ----        ------- ----- ------------
_INITIALIZED           0000CD18    00000040 =          64. bytes (REL,CON)

        Value  Global            Value  Global            Value  Global    
        -----  ------            -----  ------            -----  ------    
     0000CD18  _collisio |    0000CD22  _bonfire  |    0000CD24  _interact
     0000CD28  _room     |    0000CD29  _camera_x |    0000CD2B  _camera_y
     0000CD2D  _old_came |    0000CD2F  _old_came |    0000CD31  _map_pos_
     0000CD32  _map_pos_ |    0000CD33  _old_map_ |    0000CD34  _old_map_
     0000CD35  _sprite_n |    0000CD36  _mptr     |    0000CD38  _frc     
     0000CD39  _evc      |    0000CD3A  _needle   |    0000CD3B  _plx     
     0000CD3D  _ply      |    0000CD3F  _plxs     |    0000CD40  _plys    
     0000CD41  _plright  |    0000CD42  _pldown   |    0000CD43  _stamina 
     0000CD44  _health   |    0000CD45  _pressure |    0000CD46  _weapon  
     0000CD47  _armour   |    0000CD48  _stats    |    0000CD4E  _front_ti
     0000CD50  _can_move |    0000CD51  _en_num   |    0000CD52  __submap_
     0000CD53  .curx     |    0000CD54  .cury     |    0000CD55  .fg_colou
     0000CD55  __current |    0000CD56  .bg_colou |    0000CD57  .draw_mod
ASxxxx Linker V03.00/V05.40 + sdld,  page 28.
Hexadecimal  [32-Bits]

Area                       Addr        Size        Decimal Bytes (Attributes)
--------------------       ----        ----        ------- ----- ------------
_HRAM12                00000000    00000003 =           3. bytes (ABS,CON)

        Value  Global            Value  Global            Value  Global    
        -----  ------            -----  ------            -----  ------    
     0000FF90  __current |    0000FF92  __shadow_
ASxxxx Linker V03.00/V05.40 + sdld,  page 29.
Hexadecimal  [32-Bits]

Area                       Addr        Size        Decimal Bytes (Attributes)
--------------------       ----        ----        ------- ----- ------------
_FONT_HEADER0          00000000    00000003 =           3. bytes (ABS,CON)

        Value  Global            Value  Global            Value  Global    
        -----  ------            -----  ------            -----  ------    
ASxxxx Linker V03.00/V05.40 + sdld,  page 30.
Hexadecimal  [32-Bits]

Area                       Addr        Size        Decimal Bytes (Attributes)
--------------------       ----        ----        ------- ----- ------------
_HEADER_LCD0           00000000    00000003 =           3. bytes (ABS,CON)

        Value  Global            Value  Global            Value  Global    
        -----  ------            -----  ------            -----  ------    
ASxxxx Linker V03.00/V05.40 + sdld,  page 31.

Files Linked                              [ module(s) ]

C:\Users\edgar\Downloads\gbdk-win64\gbdk\lib/gb/crt0.o
                                          [ Runtime ]
C:\Users\edgar\AppData\Local\Temp/lcc313800.o
                                          [ map_map ]
map_map.h                                 [  ]
C:\Users\edgar\AppData\Local\Temp/lcc313801.o
                                          [ map_tiles ]
map_tiles.h                               [  ]
C:\Users\edgar\AppData\Local\Temp/lcc313802.o
                                          [ text_tiles ]
text_tiles.h                              [  ]
C:\Users\edgar\AppData\Local\Temp/lcc313803.o
                                          [ mini_souls ]


Libraries Linked                          [ object file ]

C:\Users\edgar\Downloads\gbdk-win64\gbdk\lib/gb/gb.lib
                                          [ sfr.o ]
C:\Users\edgar\Downloads\gbdk-win64\gbdk\lib/sm83/sm83.lib
                                          [ abs.o ]
C:\Users\edgar\Downloads\gbdk-win64\gbdk\lib/gb/gb.lib
                                          [ set_data.o ]
C:\Users\edgar\Downloads\gbdk-win64\gbdk\lib/sm83/sm83.lib
                                          [ mul.o ]
C:\Users\edgar\Downloads\gbdk-win64\gbdk\lib/gb/gb.lib
                                          [ set_tile_submap.o ]
C:\Users\edgar\Downloads\gbdk-win64\gbdk\lib/gb/gb.lib
                                          [ pad.o ]
C:\Users\edgar\Downloads\gbdk-win64\gbdk\lib/sm83/sm83.lib
                                          [ __sdcc_call_hl.o ]
C:\Users\edgar\Downloads\gbdk-win64\gbdk\lib/sm83/sm83.lib
                                          [ puts.o ]
C:\Users\edgar\Downloads\gbdk-win64\gbdk\lib/sm83/sm83.lib
                                          [ printf.o ]
C:\Users\edgar\Downloads\gbdk-win64\gbdk\lib/sm83/sm83.lib
                                          [ div.o ]
C:\Users\edgar\Downloads\gbdk-win64\gbdk\lib/gb/gb.lib
                                          [ crlf.o ]
C:\Users\edgar\Downloads\gbdk-win64\gbdk\lib/gb/gb.lib
                                          [ font.o ]
C:\Users\edgar\Downloads\gbdk-win64\gbdk\lib/gb/gb.lib
                                          [ color.o ]
C:\Users\edgar\Downloads\gbdk-win64\gbdk\lib/gb/gb.lib
                                          [ drawing_isr.o ]
C:\Users\edgar\Downloads\gbdk-win64\gbdk\lib/gb/gb.lib
                                          [ f_ibm_sh.o ]
C:\Users\edgar\Downloads\gbdk-win64\gbdk\lib/gb/gb.lib
                                          [ lcd.o ]
C:\Users\edgar\Downloads\gbdk-win64\gbdk\lib/sm83/sm83.lib
                                          [ sprintf.o ]
C:\Users\edgar\Downloads\gbdk-win64\gbdk\lib/sm83/sm83.lib
                                          [ itoa.o ]
C:\Users\edgar\Downloads\gbdk-win64\gbdk\lib/gb/gb.lib
                                          [ set_1bit_data.o ]

ASxxxx Linker V03.00/V05.40 + sdld,  page 32.

User Base Address Definitions

_DATA=0xC0A0
_CODE=0x0200
ASxxxx Linker V03.00/V05.40 + sdld,  page 33.

User Global Definitions

_shadow_OAM=0xC000
.STACK=0xE000
.refresh_OAM=0xFF80

